[INFO] [Render] Pipeline started {"renderJobId":"b522681a-498d-411e-9484-94ab8f44c256","platform":"linux","arch":"x64","nodeVersion":"v22.22.2","fps":{"num":30,"den":1},"format":"mp4","quality":"high","browserGpuMode":"auto","forceScreenshot":false,"protocolTimeout":300000,"browserTimeout":120000,"pageNavigationTimeout":60000,"playerReadyTimeout":45000}
[INFO] [Render:trace] {"renderJobId":"b522681a-498d-411e-9484-94ab8f44c256","phase":"pipeline","status":"checkpoint","elapsedMs":4,"message":"started","format":"mp4","quality":"high","browserGpuMode":"auto","forceScreenshot":false,"protocolTimeoutMs":300000,"pageNavigationTimeoutMs":60000,"playerReadyTimeoutMs":45000,"requestedWorkers":"auto"}
[INFO] [Render:trace] {"renderJobId":"b522681a-498d-411e-9484-94ab8f44c256","phase":"compile","status":"start","elapsedMs":7,"needsAlpha":false}
[INFO] [Compiler] Embedded local font file: assets/fonts/UcC73FwrK3iLTeHuS_nVMrMxCp50SjIa1ZL7.woff2 (47 KB → data URI)
[INFO] [Compiler] Embedded local font file: assets/fonts/UcC73FwrK3iLTeHuS_nVMrMxCp50SjIa0ZL7SUc.woff2 (18 KB → data URI)
[INFO] [Compiler] Embedded local font file: assets/fonts/BarlowCondensed-700-latin.woff2 (22 KB → data URI)
[INFO] [Compiler] Embedded local font file: assets/fonts/BarlowCondensed-700-latin-ext.woff2 (14 KB → data URI)
[INFO] [Compiler] Embedded local font file: assets/fonts/BarlowCondensed-800-latin.woff2 (22 KB → data URI)
[INFO] [Compiler] Embedded local font file: assets/fonts/BarlowCondensed-800-latin-ext.woff2 (14 KB → data URI)
[INFO] [Compiler] Embedded local font file: assets/fonts/Caveat-400-700-latin.woff2 (73 KB → data URI)
[INFO] [Compiler] Embedded local font file: assets/fonts/Caveat-400-700-latin-ext.woff2 (29 KB → data URI)
[INFO] Compiled composition metadata {"renderJobId":"b522681a-498d-411e-9484-94ab8f44c256","entryFile":"index.html","staticDuration":97.2,"width":1080,"height":1920,"videoCount":1,"audioCount":64,"renderModeHints":{"recommendScreenshot":false,"reasons":[]}}
[INFO] [Render:trace] {"renderJobId":"b522681a-498d-411e-9484-94ab8f44c256","phase":"compile","status":"end","elapsedMs":1476,"durationMs":1468,"needsAlpha":false}
[INFO] [Render:trace] {"renderJobId":"b522681a-498d-411e-9484-94ab8f44c256","phase":"compile","status":"checkpoint","elapsedMs":1478,"message":"composition metadata resolved","width":1080,"height":1920,"videoCount":1,"audioCount":64,"imageCount":8,"deviceScaleFactor":1,"forceScreenshot":false,"compositionHash":"22f803039a789f65"}
[INFO] [Render:trace] {"renderJobId":"b522681a-498d-411e-9484-94ab8f44c256","phase":"browser_probe","status":"start","elapsedMs":1478,"forceScreenshot":false,"stagePhase":"calibrating"}
[INFO] [Render:trace] {"renderJobId":"b522681a-498d-411e-9484-94ab8f44c256","phase":"browser_probe","status":"end","elapsedMs":1507,"durationMs":28,"forceScreenshot":false,"stagePhase":"calibrating"}
[INFO] [Render:trace] {"renderJobId":"b522681a-498d-411e-9484-94ab8f44c256","phase":"browser_probe","status":"checkpoint","elapsedMs":1508,"message":"duration resolved","durationSeconds":97.2,"totalFrames":2916,"compositionHash":"22f803039a789f65","beginFrameStalled":false}
[INFO] [Render:trace] {"renderJobId":"b522681a-498d-411e-9484-94ab8f44c256","phase":"video_extract","status":"start","elapsedMs":1509,"videoCount":1}
[INFO] Probing video color spaces... {"renderJobId":"b522681a-498d-411e-9484-94ab8f44c256","videoCount":1}
[INFO] Extracting frames from video 1/1: assets/footage.mp4 {"renderJobId":"b522681a-498d-411e-9484-94ab8f44c256"}
[INFO] [Render:trace] {"renderJobId":"b522681a-498d-411e-9484-94ab8f44c256","phase":"video_extract","status":"end","elapsedMs":23066,"durationMs":21557,"videoCount":1}
[INFO] [Render:trace] {"renderJobId":"b522681a-498d-411e-9484-94ab8f44c256","phase":"video_extract","status":"checkpoint","elapsedMs":23074,"message":"frames resolved","videoCount":1,"extractedVideoCount":1,"totalFramesExtracted":2832,"maxFramesPerVideo":2832,"avgFramesPerExtractedVideo":2832,"vfrPreflightCount":0,"vfrPreflightMs":0,"cacheHits":0,"cacheMisses":1,"transientRetries":0,"minVideoFrameCoverageRatio":1,"authoredTimedClipCount":66}
[INFO] [Render] No HDR sources detected — rendering SDR {"renderJobId":"b522681a-498d-411e-9484-94ab8f44c256"}
[INFO] [Render:trace] {"renderJobId":"b522681a-498d-411e-9484-94ab8f44c256","phase":"hdr_detection","status":"checkpoint","elapsedMs":23074,"message":"resolved","requestedHdrMode":"auto","effectiveHdr":"sdr","nativeHdrVideoCount":0,"nativeHdrImageCount":0}
[INFO] [Render:trace] {"renderJobId":"b522681a-498d-411e-9484-94ab8f44c256","phase":"audio_process","status":"start","elapsedMs":23075,"audioCount":64}
[INFO] [Render:trace] {"renderJobId":"b522681a-498d-411e-9484-94ab8f44c256","phase":"audio_process","status":"end","elapsedMs":26053,"durationMs":2978,"audioCount":64}
[INFO] [Render:trace] {"renderJobId":"b522681a-498d-411e-9484-94ab8f44c256","phase":"file_server","status":"start","elapsedMs":26054,"reused":false}
[INFO] [Render:trace] {"renderJobId":"b522681a-498d-411e-9484-94ab8f44c256","phase":"file_server","status":"end","elapsedMs":26060,"durationMs":6}
[hyperframes] browserGpuMode probe → software (WebGL unavailable)
[INFO] [Render:trace] {"renderJobId":"b522681a-498d-411e-9484-94ab8f44c256","phase":"capture_calibration","status":"start","elapsedMs":38354,"stagePhase":"calibrating","forceScreenshot":true,"totalFrames":2916,"framesCompleted":0,"captureMode":"screenshot","captureOperation":"captureScreenshot"}
[INFO] [Render] Calibration config {"renderJobId":"b522681a-498d-411e-9484-94ab8f44c256","protocolTimeout":30000,"parentProtocolTimeout":300000,"forceScreenshot":true,"totalFrames":2916}
[INFO] Launching browser for capture calibration... {"renderJobId":"b522681a-498d-411e-9484-94ab8f44c256"}
[BrowserManager] Browser launched (HeadlessChrome/152.0.7928.2, screenshot, gl=--use-gl=angle --use-angle=swiftshader, headlessShell=true, platform=linux)
[INFO] Initializing calibration session... {"renderJobId":"b522681a-498d-411e-9484-94ab8f44c256"}
[initSession:screenshot] page.goto start (0ms)
[HyperFrames] render runtime fps [object Object]
[initSession:screenshot] page.goto complete (1101ms)
[initSession:screenshot] GSAP proxy flush complete (1251ms)
[initSession:screenshot] pollHfReady complete (1275ms)
[initSession:screenshot] pollSubCompositionTimelines complete (ready) (1358ms)
[initSession:screenshot] applyVideoMetadataHints complete (1368ms)
[initSession:screenshot] media + fonts + tailwind ready (1535ms)
[initSession:screenshot] captureBeyondViewport downgraded: page content fits the capture viewport (1543ms)
[initSession:screenshot] static-frame dedup: disabled (before-capture hook / video injection active) (1544ms)
[INFO] Calibration session ready, capturing test frames... {"renderJobId":"b522681a-498d-411e-9484-94ab8f44c256"}
[INFO] Calibration: capturing test frame 1/5... {"renderJobId":"b522681a-498d-411e-9484-94ab8f44c256"}
[INFO] Calibration: capturing test frame 2/5... {"renderJobId":"b522681a-498d-411e-9484-94ab8f44c256"}
[INFO] Calibration: capturing test frame 3/5... {"renderJobId":"b522681a-498d-411e-9484-94ab8f44c256"}
[INFO] Calibration: capturing test frame 4/5... {"renderJobId":"b522681a-498d-411e-9484-94ab8f44c256"}
[INFO] Calibration: capturing test frame 5/5... {"renderJobId":"b522681a-498d-411e-9484-94ab8f44c256"}
[INFO] Calibration complete, estimated cost: 396ms/frame (p95) {"renderJobId":"b522681a-498d-411e-9484-94ab8f44c256"}
[INFO] [Render:trace] {"renderJobId":"b522681a-498d-411e-9484-94ab8f44c256","phase":"capture_calibration","status":"end","elapsedMs":41682,"durationMs":3327,"stagePhase":"calibrating","forceScreenshot":true,"totalFrames":2916,"framesCompleted":0,"captureMode":"screenshot","captureOperation":"captureScreenshot"}
[INFO] [Render:trace] {"renderJobId":"b522681a-498d-411e-9484-94ab8f44c256","phase":"capture_calibration","status":"checkpoint","elapsedMs":41683,"message":"resolved","forceScreenshot":true,"multiplier":1,"p95Ms":396}
[INFO] [Render:trace] {"renderJobId":"b522681a-498d-411e-9484-94ab8f44c256","phase":"worker_resolution","status":"checkpoint","elapsedMs":41684,"message":"resolved","workerCount":1}
[INFO] streaming-encode gate {"renderJobId":"b522681a-498d-411e-9484-94ab8f44c256","enabled":true,"configFlag":true,"outputFormat":"mp4","workerCount":1,"durationSeconds":97.2,"maxDurationSeconds":240}
[INFO] [Render:trace] {"renderJobId":"b522681a-498d-411e-9484-94ab8f44c256","phase":"capture_strategy","status":"checkpoint","elapsedMs":41685,"message":"resolved","workerCount":1,"forceScreenshot":true,"captureBeyondViewport":true,"useStreamingEncode":true,"useLayeredComposite":false,"usePageSideCompositing":false,"hasHdrContent":false,"hasShaderTransitions":false,"isPngSequence":false}
[INFO] [Render:trace] {"renderJobId":"b522681a-498d-411e-9484-94ab8f44c256","phase":"capture_streaming","status":"start","elapsedMs":41685,"stagePhase":"capturing","workerCount":1,"forceScreenshot":true,"totalFrames":2916,"framesCompleted":0,"captureMode":"screenshot","captureOperation":"captureScreenshot"}
[BrowserManager] Browser launched (HeadlessChrome/152.0.7928.2, screenshot, gl=--use-gl=angle --use-angle=swiftshader, headlessShell=true, platform=linux)
[initSession:screenshot] page.goto start (0ms)
[HyperFrames] render runtime fps [object Object]
[initSession:screenshot] page.goto complete (586ms)
[initSession:screenshot] GSAP proxy flush complete (713ms)
[initSession:screenshot] pollHfReady complete (720ms)
[initSession:screenshot] pollSubCompositionTimelines complete (ready) (739ms)
[initSession:screenshot] applyVideoMetadataHints complete (740ms)
[initSession:screenshot] media + fonts + tailwind ready (947ms)
[initSession:screenshot] captureBeyondViewport downgraded: page content fits the capture viewport (981ms)
[initSession:screenshot] static-frame dedup: disabled (before-capture hook / video injection active) (981ms)
[INFO] [Render:trace] {"renderJobId":"b522681a-498d-411e-9484-94ab8f44c256","phase":"capture_streaming","status":"checkpoint","elapsedMs":71686,"message":"stage still running","stagePhase":"capturing","workerCount":1,"forceScreenshot":true,"totalFrames":2916,"framesCompleted":92,"captureMode":"screenshot","captureOperation":"captureScreenshot","heartbeatIndex":1,"stageElapsedMs":30001}
[INFO] [Render:trace] {"renderJobId":"b522681a-498d-411e-9484-94ab8f44c256","phase":"capture_streaming","status":"checkpoint","elapsedMs":101688,"message":"stage still running","stagePhase":"capturing","workerCount":1,"forceScreenshot":true,"totalFrames":2916,"framesCompleted":203,"captureMode":"screenshot","captureOperation":"captureScreenshot","heartbeatIndex":2,"stageElapsedMs":60003}
[INFO] [Render:trace] {"renderJobId":"b522681a-498d-411e-9484-94ab8f44c256","phase":"capture_streaming","status":"checkpoint","elapsedMs":161690,"message":"stage still running","stagePhase":"capturing","workerCount":1,"forceScreenshot":true,"totalFrames":2916,"framesCompleted":406,"captureMode":"screenshot","captureOperation":"captureScreenshot","heartbeatIndex":3,"stageElapsedMs":120005}
[INFO] [Render:trace] {"renderJobId":"b522681a-498d-411e-9484-94ab8f44c256","phase":"capture_streaming","status":"checkpoint","elapsedMs":281690,"message":"stage still running","stagePhase":"capturing","workerCount":1,"forceScreenshot":true,"totalFrames":2916,"framesCompleted":821,"captureMode":"screenshot","captureOperation":"captureScreenshot","heartbeatIndex":4,"stageElapsedMs":240005}
[INFO] [Render:trace] {"renderJobId":"b522681a-498d-411e-9484-94ab8f44c256","phase":"capture_streaming","status":"checkpoint","elapsedMs":401692,"message":"stage still running","stagePhase":"capturing","workerCount":1,"forceScreenshot":true,"totalFrames":2916,"framesCompleted":1220,"captureMode":"screenshot","captureOperation":"captureScreenshot","heartbeatIndex":5,"stageElapsedMs":360007}
[INFO] [Render:trace] {"renderJobId":"b522681a-498d-411e-9484-94ab8f44c256","phase":"capture_streaming","status":"checkpoint","elapsedMs":521698,"message":"stage still running","stagePhase":"capturing","workerCount":1,"forceScreenshot":true,"totalFrames":2916,"framesCompleted":1619,"captureMode":"screenshot","captureOperation":"captureScreenshot","heartbeatIndex":6,"stageElapsedMs":480013}
[INFO] [Render:trace] {"renderJobId":"b522681a-498d-411e-9484-94ab8f44c256","phase":"capture_streaming","status":"checkpoint","elapsedMs":641699,"message":"stage still running","stagePhase":"capturing","workerCount":1,"forceScreenshot":true,"totalFrames":2916,"framesCompleted":2023,"captureMode":"screenshot","captureOperation":"captureScreenshot","heartbeatIndex":7,"stageElapsedMs":600014}
[INFO] [Render:trace] {"renderJobId":"b522681a-498d-411e-9484-94ab8f44c256","phase":"capture_streaming","status":"checkpoint","elapsedMs":761701,"message":"stage still running","stagePhase":"capturing","workerCount":1,"forceScreenshot":true,"totalFrames":2916,"framesCompleted":2418,"captureMode":"screenshot","captureOperation":"captureScreenshot","heartbeatIndex":8,"stageElapsedMs":720016}
[INFO] [Render:trace] {"renderJobId":"b522681a-498d-411e-9484-94ab8f44c256","phase":"capture_streaming","status":"checkpoint","elapsedMs":881702,"message":"stage still running","stagePhase":"capturing","workerCount":1,"forceScreenshot":true,"totalFrames":2916,"framesCompleted":2774,"captureMode":"screenshot","captureOperation":"captureScreenshot","heartbeatIndex":9,"stageElapsedMs":840017}
[INFO] [Render:trace] {"renderJobId":"b522681a-498d-411e-9484-94ab8f44c256","phase":"capture_streaming","status":"end","elapsedMs":919453,"durationMs":877768,"stagePhase":"capturing","workerCount":1,"forceScreenshot":true,"totalFrames":2916,"framesCompleted":2916,"captureMode":"screenshot","captureOperation":"encode"}
[INFO] [Render:trace] {"renderJobId":"b522681a-498d-411e-9484-94ab8f44c256","phase":"assemble","status":"start","elapsedMs":919454,"stagePhase":"capturing","hasAudio":true,"workerCount":1,"forceScreenshot":true,"totalFrames":2916,"framesCompleted":2916,"captureMode":"screenshot","captureOperation":"encode"}
[INFO] [Render:trace] {"renderJobId":"b522681a-498d-411e-9484-94ab8f44c256","phase":"assemble","status":"end","elapsedMs":922050,"durationMs":2596,"stagePhase":"capturing","hasAudio":true,"workerCount":1,"forceScreenshot":true,"totalFrames":2916,"framesCompleted":2916,"captureMode":"screenshot","captureOperation":"encode"}
[INFO] [Render:trace] {"renderJobId":"b522681a-498d-411e-9484-94ab8f44c256","phase":"pipeline","status":"checkpoint","elapsedMs":922070,"message":"artifact validated","totalElapsedMs":922050}
RENDER-EXIT 0
