
◆  Rendering luma-audit-gratuit → /home/user/LUMA-WHATSAP/hyperframes-student-kit/video-projects/luma-audit-gratuit/renders/v001_luma-audit-gratuit.mp4
   30fps · high · auto workers (4 cores detected)
   GPU: browser GPU (auto-detect)

[?25l|
o  Browser: cache
[?25h[INFO] [Render] Pipeline started {"renderJobId":"eb8ea6b9-1970-4979-80a1-9ba587315ab2","platform":"linux","arch":"x64","nodeVersion":"v22.22.2","fps":{"num":30,"den":1},"format":"mp4","quality":"high","browserGpuMode":"auto","forceScreenshot":false,"protocolTimeout":300000,"browserTimeout":120000,"pageNavigationTimeout":60000,"playerReadyTimeout":45000}
[INFO] [Render:trace] {"renderJobId":"eb8ea6b9-1970-4979-80a1-9ba587315ab2","phase":"pipeline","status":"checkpoint","elapsedMs":3,"message":"started","format":"mp4","quality":"high","browserGpuMode":"auto","forceScreenshot":false,"protocolTimeoutMs":300000,"pageNavigationTimeoutMs":60000,"playerReadyTimeoutMs":45000,"requestedWorkers":"auto"}
[INFO] [Render:trace] {"renderJobId":"eb8ea6b9-1970-4979-80a1-9ba587315ab2","phase":"compile","status":"start","elapsedMs":5,"needsAlpha":false}
  █░░░░░░░░░░░░░░░░░░░░░░░░  5%  Compiling composition
[INFO] [Compiler] Embedded local font file: assets/fonts/UcC73FwrK3iLTeHuS_nVMrMxCp50SjIa1ZL7.woff2 (47 KB → data URI)
[INFO] [Compiler] Embedded local font file: assets/fonts/UcC73FwrK3iLTeHuS_nVMrMxCp50SjIa0ZL7SUc.woff2 (18 KB → data URI)
[INFO] Compiled composition metadata {"renderJobId":"eb8ea6b9-1970-4979-80a1-9ba587315ab2","entryFile":"index.html","staticDuration":29,"width":1920,"height":1080,"videoCount":1,"audioCount":17,"renderModeHints":{"recommendScreenshot":false,"reasons":[]}}
[INFO] [Render:trace] {"renderJobId":"eb8ea6b9-1970-4979-80a1-9ba587315ab2","phase":"compile","status":"end","elapsedMs":185,"durationMs":180,"needsAlpha":false}
[INFO] [Render:trace] {"renderJobId":"eb8ea6b9-1970-4979-80a1-9ba587315ab2","phase":"compile","status":"checkpoint","elapsedMs":186,"message":"composition metadata resolved","width":1920,"height":1080,"videoCount":1,"audioCount":17,"imageCount":4,"deviceScaleFactor":1,"forceScreenshot":false,"compositionHash":"436e2c39de05d7d0"}
[INFO] [Render:trace] {"renderJobId":"eb8ea6b9-1970-4979-80a1-9ba587315ab2","phase":"browser_probe","status":"start","elapsedMs":187,"forceScreenshot":false,"stagePhase":"calibrating"}
[INFO] [Render:trace] {"renderJobId":"eb8ea6b9-1970-4979-80a1-9ba587315ab2","phase":"browser_probe","status":"end","elapsedMs":201,"durationMs":14,"forceScreenshot":false,"stagePhase":"calibrating"}
[INFO] [Render:trace] {"renderJobId":"eb8ea6b9-1970-4979-80a1-9ba587315ab2","phase":"browser_probe","status":"checkpoint","elapsedMs":202,"message":"duration resolved","durationSeconds":29,"totalFrames":870,"compositionHash":"436e2c39de05d7d0","beginFrameStalled":false}
[INFO] [Render:trace] {"renderJobId":"eb8ea6b9-1970-4979-80a1-9ba587315ab2","phase":"video_extract","status":"start","elapsedMs":202,"videoCount":1}
[INFO] Probing video color spaces... {"renderJobId":"eb8ea6b9-1970-4979-80a1-9ba587315ab2","videoCount":1}
  ██░░░░░░░░░░░░░░░░░░░░░░░  10%  Extracting video frames
[INFO] Extracting frames from video 1/1: assets/footage.mp4 {"renderJobId":"eb8ea6b9-1970-4979-80a1-9ba587315ab2"}
[INFO] [Render:trace] {"renderJobId":"eb8ea6b9-1970-4979-80a1-9ba587315ab2","phase":"video_extract","status":"end","elapsedMs":216,"durationMs":14,"videoCount":1}
[INFO] [Render:trace] {"renderJobId":"eb8ea6b9-1970-4979-80a1-9ba587315ab2","phase":"video_extract","status":"checkpoint","elapsedMs":220,"message":"frames resolved","videoCount":1,"extractedVideoCount":1,"totalFramesExtracted":798,"maxFramesPerVideo":798,"avgFramesPerExtractedVideo":798,"vfrPreflightCount":0,"vfrPreflightMs":0,"cacheHits":1,"cacheMisses":0,"transientRetries":0,"minVideoFrameCoverageRatio":1,"authoredTimedClipCount":19}
[INFO] [Render] No HDR sources detected — rendering SDR {"renderJobId":"eb8ea6b9-1970-4979-80a1-9ba587315ab2"}
[INFO] [Render:trace] {"renderJobId":"eb8ea6b9-1970-4979-80a1-9ba587315ab2","phase":"hdr_detection","status":"checkpoint","elapsedMs":221,"message":"resolved","requestedHdrMode":"auto","effectiveHdr":"sdr","nativeHdrVideoCount":0,"nativeHdrImageCount":0}
[INFO] [Render:trace] {"renderJobId":"eb8ea6b9-1970-4979-80a1-9ba587315ab2","phase":"audio_process","status":"start","elapsedMs":221,"audioCount":17}
  █████░░░░░░░░░░░░░░░░░░░░  20%  Processing audio tracks
[INFO] [Render:trace] {"renderJobId":"eb8ea6b9-1970-4979-80a1-9ba587315ab2","phase":"audio_process","status":"end","elapsedMs":1012,"durationMs":791,"audioCount":17}
[INFO] [Render:trace] {"renderJobId":"eb8ea6b9-1970-4979-80a1-9ba587315ab2","phase":"file_server","status":"start","elapsedMs":1012,"reused":false}
  ██████░░░░░░░░░░░░░░░░░░░  25%  Starting frame capture
[INFO] [Render:trace] {"renderJobId":"eb8ea6b9-1970-4979-80a1-9ba587315ab2","phase":"file_server","status":"end","elapsedMs":1017,"durationMs":5}
[hyperframes] browserGpuMode probe → software (WebGL unavailable)
[INFO] [Render:trace] {"renderJobId":"eb8ea6b9-1970-4979-80a1-9ba587315ab2","phase":"capture_calibration","status":"start","elapsedMs":1198,"stagePhase":"calibrating","forceScreenshot":true,"totalFrames":870,"framesCompleted":0,"captureMode":"screenshot","captureOperation":"captureScreenshot"}
[INFO] [Render] Calibration config {"renderJobId":"eb8ea6b9-1970-4979-80a1-9ba587315ab2","protocolTimeout":30000,"parentProtocolTimeout":300000,"forceScreenshot":true,"totalFrames":870}
[INFO] Launching browser for capture calibration... {"renderJobId":"eb8ea6b9-1970-4979-80a1-9ba587315ab2"}
[BrowserManager] Browser launched (HeadlessChrome/152.0.7928.2, screenshot, gl=--use-gl=angle --use-angle=swiftshader, headlessShell=true, platform=linux)
[INFO] Initializing calibration session... {"renderJobId":"eb8ea6b9-1970-4979-80a1-9ba587315ab2"}
[initSession:screenshot] page.goto start (1ms)
[HyperFrames] render runtime fps [object Object]
[initSession:screenshot] page.goto complete (256ms)
[initSession:screenshot] GSAP proxy flush complete (291ms)
[initSession:screenshot] pollHfReady complete (304ms)
[initSession:screenshot] pollSubCompositionTimelines complete (ready) (317ms)
[initSession:screenshot] applyVideoMetadataHints complete (320ms)
[initSession:screenshot] media + fonts + tailwind ready (446ms)
[initSession:screenshot] captureBeyondViewport downgraded: page content fits the capture viewport (455ms)
[initSession:screenshot] static-frame dedup: disabled (before-capture hook / video injection active) (456ms)
[INFO] Calibration session ready, capturing test frames... {"renderJobId":"eb8ea6b9-1970-4979-80a1-9ba587315ab2"}
[INFO] Calibration: capturing test frame 1/5... {"renderJobId":"eb8ea6b9-1970-4979-80a1-9ba587315ab2"}
[INFO] Calibration: capturing test frame 2/5... {"renderJobId":"eb8ea6b9-1970-4979-80a1-9ba587315ab2"}
[INFO] Calibration: capturing test frame 3/5... {"renderJobId":"eb8ea6b9-1970-4979-80a1-9ba587315ab2"}
[INFO] Calibration: capturing test frame 4/5... {"renderJobId":"eb8ea6b9-1970-4979-80a1-9ba587315ab2"}
[INFO] Calibration: capturing test frame 5/5... {"renderJobId":"eb8ea6b9-1970-4979-80a1-9ba587315ab2"}
[INFO] Calibration complete, estimated cost: 324ms/frame (p95) {"renderJobId":"eb8ea6b9-1970-4979-80a1-9ba587315ab2"}
[INFO] [Render:trace] {"renderJobId":"eb8ea6b9-1970-4979-80a1-9ba587315ab2","phase":"capture_calibration","status":"end","elapsedMs":3026,"durationMs":1828,"stagePhase":"calibrating","forceScreenshot":true,"totalFrames":870,"framesCompleted":0,"captureMode":"screenshot","captureOperation":"captureScreenshot"}
[INFO] [Render:trace] {"renderJobId":"eb8ea6b9-1970-4979-80a1-9ba587315ab2","phase":"capture_calibration","status":"checkpoint","elapsedMs":3026,"message":"resolved","forceScreenshot":true,"multiplier":1,"p95Ms":324}
[INFO] [Render:trace] {"renderJobId":"eb8ea6b9-1970-4979-80a1-9ba587315ab2","phase":"worker_resolution","status":"checkpoint","elapsedMs":3027,"message":"resolved","workerCount":1}
[INFO] streaming-encode gate {"renderJobId":"eb8ea6b9-1970-4979-80a1-9ba587315ab2","enabled":true,"configFlag":true,"outputFormat":"mp4","workerCount":1,"durationSeconds":29,"maxDurationSeconds":240}
[INFO] [Render:trace] {"renderJobId":"eb8ea6b9-1970-4979-80a1-9ba587315ab2","phase":"capture_strategy","status":"checkpoint","elapsedMs":3028,"message":"resolved","workerCount":1,"forceScreenshot":true,"captureBeyondViewport":true,"useStreamingEncode":true,"useLayeredComposite":false,"usePageSideCompositing":false,"hasHdrContent":false,"hasShaderTransitions":false,"isPngSequence":false}
[INFO] [Render:trace] {"renderJobId":"eb8ea6b9-1970-4979-80a1-9ba587315ab2","phase":"capture_streaming","status":"start","elapsedMs":3028,"stagePhase":"capturing","workerCount":1,"forceScreenshot":true,"totalFrames":870,"framesCompleted":0,"captureMode":"screenshot","captureOperation":"captureScreenshot"}
[BrowserManager] Browser launched (HeadlessChrome/152.0.7928.2, screenshot, gl=--use-gl=angle --use-angle=swiftshader, headlessShell=true, platform=linux)
[initSession:screenshot] page.goto start (0ms)
[HyperFrames] render runtime fps [object Object]
[initSession:screenshot] page.goto complete (250ms)
[initSession:screenshot] GSAP proxy flush complete (279ms)
[initSession:screenshot] pollHfReady complete (287ms)
[initSession:screenshot] pollSubCompositionTimelines complete (ready) (296ms)
[initSession:screenshot] applyVideoMetadataHints complete (302ms)
[initSession:screenshot] media + fonts + tailwind ready (383ms)
[initSession:screenshot] captureBeyondViewport downgraded: page content fits the capture viewport (388ms)
[initSession:screenshot] static-frame dedup: disabled (before-capture hook / video injection active) (388ms)
  ██████░░░░░░░░░░░░░░░░░░░  25%  Streaming frame 1/870
  ██████░░░░░░░░░░░░░░░░░░░  25%  Streaming frame 2/870
  ██████░░░░░░░░░░░░░░░░░░░  25%  Streaming frame 3/870
  ██████░░░░░░░░░░░░░░░░░░░  25%  Streaming frame 4/870
  ██████░░░░░░░░░░░░░░░░░░░  25%  Streaming frame 5/870
  ██████░░░░░░░░░░░░░░░░░░░  25%  Streaming frame 6/870
  ██████░░░░░░░░░░░░░░░░░░░  25%  Streaming frame 7/870
  ██████░░░░░░░░░░░░░░░░░░░  26%  Streaming frame 8/870
  ██████░░░░░░░░░░░░░░░░░░░  26%  Streaming frame 9/870
  ██████░░░░░░░░░░░░░░░░░░░  26%  Streaming frame 10/870
  ██████░░░░░░░░░░░░░░░░░░░  26%  Streaming frame 11/870
  ██████░░░░░░░░░░░░░░░░░░░  26%  Streaming frame 12/870
  ██████░░░░░░░░░░░░░░░░░░░  26%  Streaming frame 13/870
  ██████░░░░░░░░░░░░░░░░░░░  26%  Streaming frame 14/870
  ██████░░░░░░░░░░░░░░░░░░░  26%  Streaming frame 15/870
  ██████░░░░░░░░░░░░░░░░░░░  26%  Streaming frame 16/870
  ██████░░░░░░░░░░░░░░░░░░░  26%  Streaming frame 17/870
  ██████░░░░░░░░░░░░░░░░░░░  26%  Streaming frame 18/870
  ██████░░░░░░░░░░░░░░░░░░░  26%  Streaming frame 19/870
  ██████░░░░░░░░░░░░░░░░░░░  26%  Streaming frame 20/870
  ██████░░░░░░░░░░░░░░░░░░░  26%  Streaming frame 21/870
  ██████░░░░░░░░░░░░░░░░░░░  26%  Streaming frame 22/870
  ██████░░░░░░░░░░░░░░░░░░░  26%  Streaming frame 23/870
  ██████░░░░░░░░░░░░░░░░░░░  27%  Streaming frame 24/870
  ██████░░░░░░░░░░░░░░░░░░░  27%  Streaming frame 25/870
  ██████░░░░░░░░░░░░░░░░░░░  27%  Streaming frame 26/870
  ██████░░░░░░░░░░░░░░░░░░░  27%  Streaming frame 27/870
  ██████░░░░░░░░░░░░░░░░░░░  27%  Streaming frame 28/870
  ██████░░░░░░░░░░░░░░░░░░░  27%  Streaming frame 29/870
  ██████░░░░░░░░░░░░░░░░░░░  27%  Streaming frame 30/870
  ██████░░░░░░░░░░░░░░░░░░░  27%  Streaming frame 31/870
  ██████░░░░░░░░░░░░░░░░░░░  27%  Streaming frame 32/870
  ██████░░░░░░░░░░░░░░░░░░░  27%  Streaming frame 33/870
  ██████░░░░░░░░░░░░░░░░░░░  27%  Streaming frame 34/870
  ██████░░░░░░░░░░░░░░░░░░░  27%  Streaming frame 35/870
  ██████░░░░░░░░░░░░░░░░░░░  27%  Streaming frame 36/870
  ██████░░░░░░░░░░░░░░░░░░░  27%  Streaming frame 37/870
  ██████░░░░░░░░░░░░░░░░░░░  27%  Streaming frame 38/870
  ██████░░░░░░░░░░░░░░░░░░░  27%  Streaming frame 39/870
  ███████░░░░░░░░░░░░░░░░░░  28%  Streaming frame 40/870
  ███████░░░░░░░░░░░░░░░░░░  28%  Streaming frame 41/870
  ███████░░░░░░░░░░░░░░░░░░  28%  Streaming frame 42/870
  ███████░░░░░░░░░░░░░░░░░░  28%  Streaming frame 43/870
  ███████░░░░░░░░░░░░░░░░░░  28%  Streaming frame 44/870
  ███████░░░░░░░░░░░░░░░░░░  28%  Streaming frame 45/870
  ███████░░░░░░░░░░░░░░░░░░  28%  Streaming frame 46/870
  ███████░░░░░░░░░░░░░░░░░░  28%  Streaming frame 47/870
  ███████░░░░░░░░░░░░░░░░░░  28%  Streaming frame 48/870
  ███████░░░░░░░░░░░░░░░░░░  28%  Streaming frame 49/870
  ███████░░░░░░░░░░░░░░░░░░  28%  Streaming frame 50/870
  ███████░░░░░░░░░░░░░░░░░░  28%  Streaming frame 51/870
  ███████░░░░░░░░░░░░░░░░░░  28%  Streaming frame 52/870
  ███████░░░░░░░░░░░░░░░░░░  28%  Streaming frame 53/870
  ███████░░░░░░░░░░░░░░░░░░  28%  Streaming frame 54/870
  ███████░░░░░░░░░░░░░░░░░░  28%  Streaming frame 55/870
  ███████░░░░░░░░░░░░░░░░░░  29%  Streaming frame 56/870
  ███████░░░░░░░░░░░░░░░░░░  29%  Streaming frame 57/870
  ███████░░░░░░░░░░░░░░░░░░  29%  Streaming frame 58/870
  ███████░░░░░░░░░░░░░░░░░░  29%  Streaming frame 59/870
  ███████░░░░░░░░░░░░░░░░░░  29%  Streaming frame 60/870
  ███████░░░░░░░░░░░░░░░░░░  29%  Streaming frame 61/870
  ███████░░░░░░░░░░░░░░░░░░  29%  Streaming frame 62/870
  ███████░░░░░░░░░░░░░░░░░░  29%  Streaming frame 63/870
  ███████░░░░░░░░░░░░░░░░░░  29%  Streaming frame 64/870
  ███████░░░░░░░░░░░░░░░░░░  29%  Streaming frame 65/870
  ███████░░░░░░░░░░░░░░░░░░  29%  Streaming frame 66/870
  ███████░░░░░░░░░░░░░░░░░░  29%  Streaming frame 67/870
  ███████░░░░░░░░░░░░░░░░░░  29%  Streaming frame 68/870
  ███████░░░░░░░░░░░░░░░░░░  29%  Streaming frame 69/870
  ███████░░░░░░░░░░░░░░░░░░  29%  Streaming frame 70/870
  ███████░░░░░░░░░░░░░░░░░░  29%  Streaming frame 71/870
  ███████░░░░░░░░░░░░░░░░░░  30%  Streaming frame 72/870
  ███████░░░░░░░░░░░░░░░░░░  30%  Streaming frame 73/870
  ███████░░░░░░░░░░░░░░░░░░  30%  Streaming frame 74/870
  ███████░░░░░░░░░░░░░░░░░░  30%  Streaming frame 75/870
  ███████░░░░░░░░░░░░░░░░░░  30%  Streaming frame 76/870
  ███████░░░░░░░░░░░░░░░░░░  30%  Streaming frame 77/870
  ███████░░░░░░░░░░░░░░░░░░  30%  Streaming frame 78/870
  ███████░░░░░░░░░░░░░░░░░░  30%  Streaming frame 79/870
  ███████░░░░░░░░░░░░░░░░░░  30%  Streaming frame 80/870
  ███████░░░░░░░░░░░░░░░░░░  30%  Streaming frame 81/870
  ███████░░░░░░░░░░░░░░░░░░  30%  Streaming frame 82/870
  ███████░░░░░░░░░░░░░░░░░░  30%  Streaming frame 83/870
  ███████░░░░░░░░░░░░░░░░░░  30%  Streaming frame 84/870
  ███████░░░░░░░░░░░░░░░░░░  30%  Streaming frame 85/870
  ███████░░░░░░░░░░░░░░░░░░  30%  Streaming frame 86/870
  ███████░░░░░░░░░░░░░░░░░░  31%  Streaming frame 87/870
  ███████░░░░░░░░░░░░░░░░░░  31%  Streaming frame 88/870
  ███████░░░░░░░░░░░░░░░░░░  31%  Streaming frame 89/870
  ███████░░░░░░░░░░░░░░░░░░  31%  Streaming frame 90/870
  ███████░░░░░░░░░░░░░░░░░░  31%  Streaming frame 91/870
  ███████░░░░░░░░░░░░░░░░░░  31%  Streaming frame 92/870
  ███████░░░░░░░░░░░░░░░░░░  31%  Streaming frame 93/870
  ███████░░░░░░░░░░░░░░░░░░  31%  Streaming frame 94/870
  ███████░░░░░░░░░░░░░░░░░░  31%  Streaming frame 95/870
  ███████░░░░░░░░░░░░░░░░░░  31%  Streaming frame 96/870
  ███████░░░░░░░░░░░░░░░░░░  31%  Streaming frame 97/870
  ███████░░░░░░░░░░░░░░░░░░  31%  Streaming frame 98/870
  ███████░░░░░░░░░░░░░░░░░░  31%  Streaming frame 99/870
  ███████░░░░░░░░░░░░░░░░░░  31%  Streaming frame 100/870
  ███████░░░░░░░░░░░░░░░░░░  31%  Streaming frame 101/870
  ███████░░░░░░░░░░░░░░░░░░  31%  Streaming frame 102/870
  ████████░░░░░░░░░░░░░░░░░  32%  Streaming frame 103/870
  ████████░░░░░░░░░░░░░░░░░  32%  Streaming frame 104/870
  ████████░░░░░░░░░░░░░░░░░  32%  Streaming frame 105/870
  ████████░░░░░░░░░░░░░░░░░  32%  Streaming frame 106/870
  ████████░░░░░░░░░░░░░░░░░  32%  Streaming frame 107/870
[INFO] [Render:trace] {"renderJobId":"eb8ea6b9-1970-4979-80a1-9ba587315ab2","phase":"capture_streaming","status":"checkpoint","elapsedMs":33029,"message":"stage still running","stagePhase":"capturing","workerCount":1,"forceScreenshot":true,"totalFrames":870,"framesCompleted":107,"captureMode":"screenshot","captureOperation":"captureScreenshot","heartbeatIndex":1,"stageElapsedMs":30001}
  ████████░░░░░░░░░░░░░░░░░  32%  Streaming frame 108/870
  ████████░░░░░░░░░░░░░░░░░  32%  Streaming frame 109/870
  ████████░░░░░░░░░░░░░░░░░  32%  Streaming frame 110/870
  ████████░░░░░░░░░░░░░░░░░  32%  Streaming frame 111/870
  ████████░░░░░░░░░░░░░░░░░  32%  Streaming frame 112/870
  ████████░░░░░░░░░░░░░░░░░  32%  Streaming frame 113/870
  ████████░░░░░░░░░░░░░░░░░  32%  Streaming frame 114/870
  ████████░░░░░░░░░░░░░░░░░  32%  Streaming frame 115/870
  ████████░░░░░░░░░░░░░░░░░  32%  Streaming frame 116/870
  ████████░░░░░░░░░░░░░░░░░  32%  Streaming frame 117/870
  ████████░░░░░░░░░░░░░░░░░  32%  Streaming frame 118/870
  ████████░░░░░░░░░░░░░░░░░  33%  Streaming frame 119/870
  ████████░░░░░░░░░░░░░░░░░  33%  Streaming frame 120/870
  ████████░░░░░░░░░░░░░░░░░  33%  Streaming frame 121/870
  ████████░░░░░░░░░░░░░░░░░  33%  Streaming frame 122/870
  ████████░░░░░░░░░░░░░░░░░  33%  Streaming frame 123/870
  ████████░░░░░░░░░░░░░░░░░  33%  Streaming frame 124/870
  ████████░░░░░░░░░░░░░░░░░  33%  Streaming frame 125/870
  ████████░░░░░░░░░░░░░░░░░  33%  Streaming frame 126/870
  ████████░░░░░░░░░░░░░░░░░  33%  Streaming frame 127/870
  ████████░░░░░░░░░░░░░░░░░  33%  Streaming frame 128/870
  ████████░░░░░░░░░░░░░░░░░  33%  Streaming frame 129/870
  ████████░░░░░░░░░░░░░░░░░  33%  Streaming frame 130/870
  ████████░░░░░░░░░░░░░░░░░  33%  Streaming frame 131/870
  ████████░░░░░░░░░░░░░░░░░  33%  Streaming frame 132/870
  ████████░░░░░░░░░░░░░░░░░  33%  Streaming frame 133/870
  ████████░░░░░░░░░░░░░░░░░  33%  Streaming frame 134/870
  ████████░░░░░░░░░░░░░░░░░  34%  Streaming frame 135/870
  ████████░░░░░░░░░░░░░░░░░  34%  Streaming frame 136/870
  ████████░░░░░░░░░░░░░░░░░  34%  Streaming frame 137/870
  ████████░░░░░░░░░░░░░░░░░  34%  Streaming frame 138/870
  ████████░░░░░░░░░░░░░░░░░  34%  Streaming frame 139/870
  ████████░░░░░░░░░░░░░░░░░  34%  Streaming frame 140/870
  ████████░░░░░░░░░░░░░░░░░  34%  Streaming frame 141/870
  ████████░░░░░░░░░░░░░░░░░  34%  Streaming frame 142/870
  ████████░░░░░░░░░░░░░░░░░  34%  Streaming frame 143/870
  ████████░░░░░░░░░░░░░░░░░  34%  Streaming frame 144/870
  ████████░░░░░░░░░░░░░░░░░  34%  Streaming frame 145/870
  ████████░░░░░░░░░░░░░░░░░  34%  Streaming frame 146/870
  ████████░░░░░░░░░░░░░░░░░  34%  Streaming frame 147/870
  ████████░░░░░░░░░░░░░░░░░  34%  Streaming frame 148/870
  ████████░░░░░░░░░░░░░░░░░  34%  Streaming frame 149/870
  ████████░░░░░░░░░░░░░░░░░  34%  Streaming frame 150/870
  ████████░░░░░░░░░░░░░░░░░  35%  Streaming frame 151/870
  ████████░░░░░░░░░░░░░░░░░  35%  Streaming frame 152/870
  ████████░░░░░░░░░░░░░░░░░  35%  Streaming frame 153/870
  ████████░░░░░░░░░░░░░░░░░  35%  Streaming frame 154/870
  ████████░░░░░░░░░░░░░░░░░  35%  Streaming frame 155/870
  ████████░░░░░░░░░░░░░░░░░  35%  Streaming frame 156/870
  ████████░░░░░░░░░░░░░░░░░  35%  Streaming frame 157/870
  ████████░░░░░░░░░░░░░░░░░  35%  Streaming frame 158/870
  ████████░░░░░░░░░░░░░░░░░  35%  Streaming frame 159/870
  ████████░░░░░░░░░░░░░░░░░  35%  Streaming frame 160/870
  ████████░░░░░░░░░░░░░░░░░  35%  Streaming frame 161/870
  ████████░░░░░░░░░░░░░░░░░  35%  Streaming frame 162/870
  ████████░░░░░░░░░░░░░░░░░  35%  Streaming frame 163/870
  ████████░░░░░░░░░░░░░░░░░  35%  Streaming frame 164/870
  ████████░░░░░░░░░░░░░░░░░  35%  Streaming frame 165/870
  ████████░░░░░░░░░░░░░░░░░  35%  Streaming frame 166/870
  █████████░░░░░░░░░░░░░░░░  36%  Streaming frame 167/870
  █████████░░░░░░░░░░░░░░░░  36%  Streaming frame 168/870
  █████████░░░░░░░░░░░░░░░░  36%  Streaming frame 169/870
  █████████░░░░░░░░░░░░░░░░  36%  Streaming frame 170/870
  █████████░░░░░░░░░░░░░░░░  36%  Streaming frame 171/870
  █████████░░░░░░░░░░░░░░░░  36%  Streaming frame 172/870
  █████████░░░░░░░░░░░░░░░░  36%  Streaming frame 173/870
  █████████░░░░░░░░░░░░░░░░  36%  Streaming frame 174/870
  █████████░░░░░░░░░░░░░░░░  36%  Streaming frame 175/870
  █████████░░░░░░░░░░░░░░░░  36%  Streaming frame 176/870
  █████████░░░░░░░░░░░░░░░░  36%  Streaming frame 177/870
  █████████░░░░░░░░░░░░░░░░  36%  Streaming frame 178/870
  █████████░░░░░░░░░░░░░░░░  36%  Streaming frame 179/870
  █████████░░░░░░░░░░░░░░░░  36%  Streaming frame 180/870
  █████████░░░░░░░░░░░░░░░░  36%  Streaming frame 181/870
  █████████░░░░░░░░░░░░░░░░  37%  Streaming frame 182/870
  █████████░░░░░░░░░░░░░░░░  37%  Streaming frame 183/870
  █████████░░░░░░░░░░░░░░░░  37%  Streaming frame 184/870
  █████████░░░░░░░░░░░░░░░░  37%  Streaming frame 185/870
  █████████░░░░░░░░░░░░░░░░  37%  Streaming frame 186/870
  █████████░░░░░░░░░░░░░░░░  37%  Streaming frame 187/870
  █████████░░░░░░░░░░░░░░░░  37%  Streaming frame 188/870
  █████████░░░░░░░░░░░░░░░░  37%  Streaming frame 189/870
  █████████░░░░░░░░░░░░░░░░  37%  Streaming frame 190/870
  █████████░░░░░░░░░░░░░░░░  37%  Streaming frame 191/870
  █████████░░░░░░░░░░░░░░░░  37%  Streaming frame 192/870
  █████████░░░░░░░░░░░░░░░░  37%  Streaming frame 193/870
  █████████░░░░░░░░░░░░░░░░  37%  Streaming frame 194/870
  █████████░░░░░░░░░░░░░░░░  37%  Streaming frame 195/870
  █████████░░░░░░░░░░░░░░░░  37%  Streaming frame 196/870
  █████████░░░░░░░░░░░░░░░░  37%  Streaming frame 197/870
  █████████░░░░░░░░░░░░░░░░  38%  Streaming frame 198/870
  █████████░░░░░░░░░░░░░░░░  38%  Streaming frame 199/870
  █████████░░░░░░░░░░░░░░░░  38%  Streaming frame 200/870
  █████████░░░░░░░░░░░░░░░░  38%  Streaming frame 201/870
  █████████░░░░░░░░░░░░░░░░  38%  Streaming frame 202/870
  █████████░░░░░░░░░░░░░░░░  38%  Streaming frame 203/870
  █████████░░░░░░░░░░░░░░░░  38%  Streaming frame 204/870
  █████████░░░░░░░░░░░░░░░░  38%  Streaming frame 205/870
  █████████░░░░░░░░░░░░░░░░  38%  Streaming frame 206/870
  █████████░░░░░░░░░░░░░░░░  38%  Streaming frame 207/870
  █████████░░░░░░░░░░░░░░░░  38%  Streaming frame 208/870
  █████████░░░░░░░░░░░░░░░░  38%  Streaming frame 209/870
  █████████░░░░░░░░░░░░░░░░  38%  Streaming frame 210/870
  █████████░░░░░░░░░░░░░░░░  38%  Streaming frame 211/870
  █████████░░░░░░░░░░░░░░░░  38%  Streaming frame 212/870
  █████████░░░░░░░░░░░░░░░░  38%  Streaming frame 213/870
  █████████░░░░░░░░░░░░░░░░  39%  Streaming frame 214/870
  █████████░░░░░░░░░░░░░░░░  39%  Streaming frame 215/870
  █████████░░░░░░░░░░░░░░░░  39%  Streaming frame 216/870
  █████████░░░░░░░░░░░░░░░░  39%  Streaming frame 217/870
  █████████░░░░░░░░░░░░░░░░  39%  Streaming frame 218/870
[INFO] [Render:trace] {"renderJobId":"eb8ea6b9-1970-4979-80a1-9ba587315ab2","phase":"capture_streaming","status":"checkpoint","elapsedMs":63030,"message":"stage still running","stagePhase":"capturing","workerCount":1,"forceScreenshot":true,"totalFrames":870,"framesCompleted":218,"captureMode":"screenshot","captureOperation":"captureScreenshot","heartbeatIndex":2,"stageElapsedMs":60002}
  █████████░░░░░░░░░░░░░░░░  39%  Streaming frame 219/870
  █████████░░░░░░░░░░░░░░░░  39%  Streaming frame 220/870
  █████████░░░░░░░░░░░░░░░░  39%  Streaming frame 221/870
  █████████░░░░░░░░░░░░░░░░  39%  Streaming frame 222/870
  █████████░░░░░░░░░░░░░░░░  39%  Streaming frame 223/870
  █████████░░░░░░░░░░░░░░░░  39%  Streaming frame 224/870
  █████████░░░░░░░░░░░░░░░░  39%  Streaming frame 225/870
  █████████░░░░░░░░░░░░░░░░  39%  Streaming frame 226/870
  █████████░░░░░░░░░░░░░░░░  39%  Streaming frame 227/870
  █████████░░░░░░░░░░░░░░░░  39%  Streaming frame 228/870
  █████████░░░░░░░░░░░░░░░░  39%  Streaming frame 229/870
  ██████████░░░░░░░░░░░░░░░  40%  Streaming frame 230/870
  ██████████░░░░░░░░░░░░░░░  40%  Streaming frame 231/870
  ██████████░░░░░░░░░░░░░░░  40%  Streaming frame 232/870
  ██████████░░░░░░░░░░░░░░░  40%  Streaming frame 233/870
  ██████████░░░░░░░░░░░░░░░  40%  Streaming frame 234/870
  ██████████░░░░░░░░░░░░░░░  40%  Streaming frame 235/870
  ██████████░░░░░░░░░░░░░░░  40%  Streaming frame 236/870
  ██████████░░░░░░░░░░░░░░░  40%  Streaming frame 237/870
  ██████████░░░░░░░░░░░░░░░  40%  Streaming frame 238/870
  ██████████░░░░░░░░░░░░░░░  40%  Streaming frame 239/870
  ██████████░░░░░░░░░░░░░░░  40%  Streaming frame 240/870
  ██████████░░░░░░░░░░░░░░░  40%  Streaming frame 241/870
  ██████████░░░░░░░░░░░░░░░  40%  Streaming frame 242/870
  ██████████░░░░░░░░░░░░░░░  40%  Streaming frame 243/870
  ██████████░░░░░░░░░░░░░░░  40%  Streaming frame 244/870
  ██████████░░░░░░░░░░░░░░░  40%  Streaming frame 245/870
  ██████████░░░░░░░░░░░░░░░  41%  Streaming frame 246/870
  ██████████░░░░░░░░░░░░░░░  41%  Streaming frame 247/870
  ██████████░░░░░░░░░░░░░░░  41%  Streaming frame 248/870
  ██████████░░░░░░░░░░░░░░░  41%  Streaming frame 249/870
  ██████████░░░░░░░░░░░░░░░  41%  Streaming frame 250/870
  ██████████░░░░░░░░░░░░░░░  41%  Streaming frame 251/870
  ██████████░░░░░░░░░░░░░░░  41%  Streaming frame 252/870
  ██████████░░░░░░░░░░░░░░░  41%  Streaming frame 253/870
  ██████████░░░░░░░░░░░░░░░  41%  Streaming frame 254/870
  ██████████░░░░░░░░░░░░░░░  41%  Streaming frame 255/870
  ██████████░░░░░░░░░░░░░░░  41%  Streaming frame 256/870
  ██████████░░░░░░░░░░░░░░░  41%  Streaming frame 257/870
  ██████████░░░░░░░░░░░░░░░  41%  Streaming frame 258/870
  ██████████░░░░░░░░░░░░░░░  41%  Streaming frame 259/870
  ██████████░░░░░░░░░░░░░░░  41%  Streaming frame 260/870
  ██████████░░░░░░░░░░░░░░░  42%  Streaming frame 261/870
  ██████████░░░░░░░░░░░░░░░  42%  Streaming frame 262/870
  ██████████░░░░░░░░░░░░░░░  42%  Streaming frame 263/870
  ██████████░░░░░░░░░░░░░░░  42%  Streaming frame 264/870
  ██████████░░░░░░░░░░░░░░░  42%  Streaming frame 265/870
  ██████████░░░░░░░░░░░░░░░  42%  Streaming frame 266/870
  ██████████░░░░░░░░░░░░░░░  42%  Streaming frame 267/870
  ██████████░░░░░░░░░░░░░░░  42%  Streaming frame 268/870
  ██████████░░░░░░░░░░░░░░░  42%  Streaming frame 269/870
  ██████████░░░░░░░░░░░░░░░  42%  Streaming frame 270/870
  ██████████░░░░░░░░░░░░░░░  42%  Streaming frame 271/870
  ██████████░░░░░░░░░░░░░░░  42%  Streaming frame 272/870
  ██████████░░░░░░░░░░░░░░░  42%  Streaming frame 273/870
  ██████████░░░░░░░░░░░░░░░  42%  Streaming frame 274/870
  ██████████░░░░░░░░░░░░░░░  42%  Streaming frame 275/870
  ██████████░░░░░░░░░░░░░░░  42%  Streaming frame 276/870
  ██████████░░░░░░░░░░░░░░░  43%  Streaming frame 277/870
  ██████████░░░░░░░░░░░░░░░  43%  Streaming frame 278/870
  ██████████░░░░░░░░░░░░░░░  43%  Streaming frame 279/870
  ██████████░░░░░░░░░░░░░░░  43%  Streaming frame 280/870
  ██████████░░░░░░░░░░░░░░░  43%  Streaming frame 281/870
  ██████████░░░░░░░░░░░░░░░  43%  Streaming frame 282/870
  ██████████░░░░░░░░░░░░░░░  43%  Streaming frame 283/870
  ██████████░░░░░░░░░░░░░░░  43%  Streaming frame 284/870
  ██████████░░░░░░░░░░░░░░░  43%  Streaming frame 285/870
  ██████████░░░░░░░░░░░░░░░  43%  Streaming frame 286/870
  ██████████░░░░░░░░░░░░░░░  43%  Streaming frame 287/870
  ██████████░░░░░░░░░░░░░░░  43%  Streaming frame 288/870
  ██████████░░░░░░░░░░░░░░░  43%  Streaming frame 289/870
  ██████████░░░░░░░░░░░░░░░  43%  Streaming frame 290/870
  ██████████░░░░░░░░░░░░░░░  43%  Streaming frame 291/870
  ██████████░░░░░░░░░░░░░░░  43%  Streaming frame 292/870
  ███████████░░░░░░░░░░░░░░  44%  Streaming frame 293/870
  ███████████░░░░░░░░░░░░░░  44%  Streaming frame 294/870
  ███████████░░░░░░░░░░░░░░  44%  Streaming frame 295/870
  ███████████░░░░░░░░░░░░░░  44%  Streaming frame 296/870
  ███████████░░░░░░░░░░░░░░  44%  Streaming frame 297/870
  ███████████░░░░░░░░░░░░░░  44%  Streaming frame 298/870
  ███████████░░░░░░░░░░░░░░  44%  Streaming frame 299/870
  ███████████░░░░░░░░░░░░░░  44%  Streaming frame 300/870
  ███████████░░░░░░░░░░░░░░  44%  Streaming frame 301/870
  ███████████░░░░░░░░░░░░░░  44%  Streaming frame 302/870
  ███████████░░░░░░░░░░░░░░  44%  Streaming frame 303/870
  ███████████░░░░░░░░░░░░░░  44%  Streaming frame 304/870
  ███████████░░░░░░░░░░░░░░  44%  Streaming frame 305/870
  ███████████░░░░░░░░░░░░░░  44%  Streaming frame 306/870
  ███████████░░░░░░░░░░░░░░  44%  Streaming frame 307/870
  ███████████░░░░░░░░░░░░░░  44%  Streaming frame 308/870
  ███████████░░░░░░░░░░░░░░  45%  Streaming frame 309/870
  ███████████░░░░░░░░░░░░░░  45%  Streaming frame 310/870
  ███████████░░░░░░░░░░░░░░  45%  Streaming frame 311/870
  ███████████░░░░░░░░░░░░░░  45%  Streaming frame 312/870
  ███████████░░░░░░░░░░░░░░  45%  Streaming frame 313/870
  ███████████░░░░░░░░░░░░░░  45%  Streaming frame 314/870
  ███████████░░░░░░░░░░░░░░  45%  Streaming frame 315/870
  ███████████░░░░░░░░░░░░░░  45%  Streaming frame 316/870
  ███████████░░░░░░░░░░░░░░  45%  Streaming frame 317/870
  ███████████░░░░░░░░░░░░░░  45%  Streaming frame 318/870
  ███████████░░░░░░░░░░░░░░  45%  Streaming frame 319/870
  ███████████░░░░░░░░░░░░░░  45%  Streaming frame 320/870
  ███████████░░░░░░░░░░░░░░  45%  Streaming frame 321/870
  ███████████░░░░░░░░░░░░░░  45%  Streaming frame 322/870
  ███████████░░░░░░░░░░░░░░  45%  Streaming frame 323/870
  ███████████░░░░░░░░░░░░░░  45%  Streaming frame 324/870
  ███████████░░░░░░░░░░░░░░  46%  Streaming frame 325/870
  ███████████░░░░░░░░░░░░░░  46%  Streaming frame 326/870
  ███████████░░░░░░░░░░░░░░  46%  Streaming frame 327/870
  ███████████░░░░░░░░░░░░░░  46%  Streaming frame 328/870
  ███████████░░░░░░░░░░░░░░  46%  Streaming frame 329/870
  ███████████░░░░░░░░░░░░░░  46%  Streaming frame 330/870
  ███████████░░░░░░░░░░░░░░  46%  Streaming frame 331/870
  ███████████░░░░░░░░░░░░░░  46%  Streaming frame 332/870
  ███████████░░░░░░░░░░░░░░  46%  Streaming frame 333/870
  ███████████░░░░░░░░░░░░░░  46%  Streaming frame 334/870
  ███████████░░░░░░░░░░░░░░  46%  Streaming frame 335/870
  ███████████░░░░░░░░░░░░░░  46%  Streaming frame 336/870
  ███████████░░░░░░░░░░░░░░  46%  Streaming frame 337/870
  ███████████░░░░░░░░░░░░░░  46%  Streaming frame 338/870
  ███████████░░░░░░░░░░░░░░  46%  Streaming frame 339/870
  ███████████░░░░░░░░░░░░░░  46%  Streaming frame 340/870
  ███████████░░░░░░░░░░░░░░  47%  Streaming frame 341/870
  ███████████░░░░░░░░░░░░░░  47%  Streaming frame 342/870
  ███████████░░░░░░░░░░░░░░  47%  Streaming frame 343/870
  ███████████░░░░░░░░░░░░░░  47%  Streaming frame 344/870
  ███████████░░░░░░░░░░░░░░  47%  Streaming frame 345/870
  ███████████░░░░░░░░░░░░░░  47%  Streaming frame 346/870
  ███████████░░░░░░░░░░░░░░  47%  Streaming frame 347/870
  ███████████░░░░░░░░░░░░░░  47%  Streaming frame 348/870
  ███████████░░░░░░░░░░░░░░  47%  Streaming frame 349/870
  ███████████░░░░░░░░░░░░░░  47%  Streaming frame 350/870
  ███████████░░░░░░░░░░░░░░  47%  Streaming frame 351/870
  ███████████░░░░░░░░░░░░░░  47%  Streaming frame 352/870
  ███████████░░░░░░░░░░░░░░  47%  Streaming frame 353/870
  ███████████░░░░░░░░░░░░░░  47%  Streaming frame 354/870
  ███████████░░░░░░░░░░░░░░  47%  Streaming frame 355/870
  ████████████░░░░░░░░░░░░░  48%  Streaming frame 356/870
  ████████████░░░░░░░░░░░░░  48%  Streaming frame 357/870
  ████████████░░░░░░░░░░░░░  48%  Streaming frame 358/870
  ████████████░░░░░░░░░░░░░  48%  Streaming frame 359/870
  ████████████░░░░░░░░░░░░░  48%  Streaming frame 360/870
  ████████████░░░░░░░░░░░░░  48%  Streaming frame 361/870
  ████████████░░░░░░░░░░░░░  48%  Streaming frame 362/870
  ████████████░░░░░░░░░░░░░  48%  Streaming frame 363/870
  ████████████░░░░░░░░░░░░░  48%  Streaming frame 364/870
  ████████████░░░░░░░░░░░░░  48%  Streaming frame 365/870
  ████████████░░░░░░░░░░░░░  48%  Streaming frame 366/870
  ████████████░░░░░░░░░░░░░  48%  Streaming frame 367/870
  ████████████░░░░░░░░░░░░░  48%  Streaming frame 368/870
  ████████████░░░░░░░░░░░░░  48%  Streaming frame 369/870
  ████████████░░░░░░░░░░░░░  48%  Streaming frame 370/870
  ████████████░░░░░░░░░░░░░  48%  Streaming frame 371/870
  ████████████░░░░░░░░░░░░░  49%  Streaming frame 372/870
  ████████████░░░░░░░░░░░░░  49%  Streaming frame 373/870
  ████████████░░░░░░░░░░░░░  49%  Streaming frame 374/870
  ████████████░░░░░░░░░░░░░  49%  Streaming frame 375/870
  ████████████░░░░░░░░░░░░░  49%  Streaming frame 376/870
  ████████████░░░░░░░░░░░░░  49%  Streaming frame 377/870
  ████████████░░░░░░░░░░░░░  49%  Streaming frame 378/870
  ████████████░░░░░░░░░░░░░  49%  Streaming frame 379/870
  ████████████░░░░░░░░░░░░░  49%  Streaming frame 380/870
  ████████████░░░░░░░░░░░░░  49%  Streaming frame 381/870
  ████████████░░░░░░░░░░░░░  49%  Streaming frame 382/870
  ████████████░░░░░░░░░░░░░  49%  Streaming frame 383/870
  ████████████░░░░░░░░░░░░░  49%  Streaming frame 384/870
  ████████████░░░░░░░░░░░░░  49%  Streaming frame 385/870
  ████████████░░░░░░░░░░░░░  49%  Streaming frame 386/870
  ████████████░░░░░░░░░░░░░  49%  Streaming frame 387/870
  ████████████░░░░░░░░░░░░░  50%  Streaming frame 388/870
  ████████████░░░░░░░░░░░░░  50%  Streaming frame 389/870
  ████████████░░░░░░░░░░░░░  50%  Streaming frame 390/870
  ████████████░░░░░░░░░░░░░  50%  Streaming frame 391/870
  ████████████░░░░░░░░░░░░░  50%  Streaming frame 392/870
  ████████████░░░░░░░░░░░░░  50%  Streaming frame 393/870
  ████████████░░░░░░░░░░░░░  50%  Streaming frame 394/870
  ████████████░░░░░░░░░░░░░  50%  Streaming frame 395/870
  ████████████░░░░░░░░░░░░░  50%  Streaming frame 396/870
  ████████████░░░░░░░░░░░░░  50%  Streaming frame 397/870
  ████████████░░░░░░░░░░░░░  50%  Streaming frame 398/870
  ████████████░░░░░░░░░░░░░  50%  Streaming frame 399/870
  ████████████░░░░░░░░░░░░░  50%  Streaming frame 400/870
  ████████████░░░░░░░░░░░░░  50%  Streaming frame 401/870
  ████████████░░░░░░░░░░░░░  50%  Streaming frame 402/870
  ████████████░░░░░░░░░░░░░  50%  Streaming frame 403/870
  ████████████░░░░░░░░░░░░░  51%  Streaming frame 404/870
  ████████████░░░░░░░░░░░░░  51%  Streaming frame 405/870
  ████████████░░░░░░░░░░░░░  51%  Streaming frame 406/870
  ████████████░░░░░░░░░░░░░  51%  Streaming frame 407/870
  ████████████░░░░░░░░░░░░░  51%  Streaming frame 408/870
  ████████████░░░░░░░░░░░░░  51%  Streaming frame 409/870
  ████████████░░░░░░░░░░░░░  51%  Streaming frame 410/870
  ████████████░░░░░░░░░░░░░  51%  Streaming frame 411/870
  ████████████░░░░░░░░░░░░░  51%  Streaming frame 412/870
  ████████████░░░░░░░░░░░░░  51%  Streaming frame 413/870
  ████████████░░░░░░░░░░░░░  51%  Streaming frame 414/870
  ████████████░░░░░░░░░░░░░  51%  Streaming frame 415/870
  ████████████░░░░░░░░░░░░░  51%  Streaming frame 416/870
  ████████████░░░░░░░░░░░░░  51%  Streaming frame 417/870
  ████████████░░░░░░░░░░░░░  51%  Streaming frame 418/870
  ████████████░░░░░░░░░░░░░  51%  Streaming frame 419/870
  █████████████░░░░░░░░░░░░  52%  Streaming frame 420/870
  █████████████░░░░░░░░░░░░  52%  Streaming frame 421/870
  █████████████░░░░░░░░░░░░  52%  Streaming frame 422/870
  █████████████░░░░░░░░░░░░  52%  Streaming frame 423/870
  █████████████░░░░░░░░░░░░  52%  Streaming frame 424/870
  █████████████░░░░░░░░░░░░  52%  Streaming frame 425/870
  █████████████░░░░░░░░░░░░  52%  Streaming frame 426/870
  █████████████░░░░░░░░░░░░  52%  Streaming frame 427/870
  █████████████░░░░░░░░░░░░  52%  Streaming frame 428/870
  █████████████░░░░░░░░░░░░  52%  Streaming frame 429/870
  █████████████░░░░░░░░░░░░  52%  Streaming frame 430/870
  █████████████░░░░░░░░░░░░  52%  Streaming frame 431/870
  █████████████░░░░░░░░░░░░  52%  Streaming frame 432/870
  █████████████░░░░░░░░░░░░  52%  Streaming frame 433/870
  █████████████░░░░░░░░░░░░  52%  Streaming frame 434/870
  █████████████░░░░░░░░░░░░  53%  Streaming frame 435/870
  █████████████░░░░░░░░░░░░  53%  Streaming frame 436/870
  █████████████░░░░░░░░░░░░  53%  Streaming frame 437/870
  █████████████░░░░░░░░░░░░  53%  Streaming frame 438/870
  █████████████░░░░░░░░░░░░  53%  Streaming frame 439/870
[INFO] [Render:trace] {"renderJobId":"eb8ea6b9-1970-4979-80a1-9ba587315ab2","phase":"capture_streaming","status":"checkpoint","elapsedMs":123031,"message":"stage still running","stagePhase":"capturing","workerCount":1,"forceScreenshot":true,"totalFrames":870,"framesCompleted":439,"captureMode":"screenshot","captureOperation":"captureScreenshot","heartbeatIndex":3,"stageElapsedMs":120003}
  █████████████░░░░░░░░░░░░  53%  Streaming frame 440/870
  █████████████░░░░░░░░░░░░  53%  Streaming frame 441/870
  █████████████░░░░░░░░░░░░  53%  Streaming frame 442/870
  █████████████░░░░░░░░░░░░  53%  Streaming frame 443/870
  █████████████░░░░░░░░░░░░  53%  Streaming frame 444/870
  █████████████░░░░░░░░░░░░  53%  Streaming frame 445/870
  █████████████░░░░░░░░░░░░  53%  Streaming frame 446/870
  █████████████░░░░░░░░░░░░  53%  Streaming frame 447/870
  █████████████░░░░░░░░░░░░  53%  Streaming frame 448/870
  █████████████░░░░░░░░░░░░  53%  Streaming frame 449/870
  █████████████░░░░░░░░░░░░  53%  Streaming frame 450/870
  █████████████░░░░░░░░░░░░  54%  Streaming frame 451/870
  █████████████░░░░░░░░░░░░  54%  Streaming frame 452/870
  █████████████░░░░░░░░░░░░  54%  Streaming frame 453/870
  █████████████░░░░░░░░░░░░  54%  Streaming frame 454/870
  █████████████░░░░░░░░░░░░  54%  Streaming frame 455/870
  █████████████░░░░░░░░░░░░  54%  Streaming frame 456/870
  █████████████░░░░░░░░░░░░  54%  Streaming frame 457/870
  █████████████░░░░░░░░░░░░  54%  Streaming frame 458/870
  █████████████░░░░░░░░░░░░  54%  Streaming frame 459/870
  █████████████░░░░░░░░░░░░  54%  Streaming frame 460/870
  █████████████░░░░░░░░░░░░  54%  Streaming frame 461/870
  █████████████░░░░░░░░░░░░  54%  Streaming frame 462/870
  █████████████░░░░░░░░░░░░  54%  Streaming frame 463/870
  █████████████░░░░░░░░░░░░  54%  Streaming frame 464/870
  █████████████░░░░░░░░░░░░  54%  Streaming frame 465/870
  █████████████░░░░░░░░░░░░  54%  Streaming frame 466/870
  █████████████░░░░░░░░░░░░  55%  Streaming frame 467/870
  █████████████░░░░░░░░░░░░  55%  Streaming frame 468/870
  █████████████░░░░░░░░░░░░  55%  Streaming frame 469/870
  █████████████░░░░░░░░░░░░  55%  Streaming frame 470/870
  █████████████░░░░░░░░░░░░  55%  Streaming frame 471/870
  █████████████░░░░░░░░░░░░  55%  Streaming frame 472/870
  █████████████░░░░░░░░░░░░  55%  Streaming frame 473/870
  █████████████░░░░░░░░░░░░  55%  Streaming frame 474/870
  █████████████░░░░░░░░░░░░  55%  Streaming frame 475/870
  █████████████░░░░░░░░░░░░  55%  Streaming frame 476/870
  █████████████░░░░░░░░░░░░  55%  Streaming frame 477/870
  █████████████░░░░░░░░░░░░  55%  Streaming frame 478/870
  █████████████░░░░░░░░░░░░  55%  Streaming frame 479/870
  █████████████░░░░░░░░░░░░  55%  Streaming frame 480/870
  █████████████░░░░░░░░░░░░  55%  Streaming frame 481/870
  █████████████░░░░░░░░░░░░  55%  Streaming frame 482/870
  ██████████████░░░░░░░░░░░  56%  Streaming frame 483/870
  ██████████████░░░░░░░░░░░  56%  Streaming frame 484/870
  ██████████████░░░░░░░░░░░  56%  Streaming frame 485/870
  ██████████████░░░░░░░░░░░  56%  Streaming frame 486/870
  ██████████████░░░░░░░░░░░  56%  Streaming frame 487/870
  ██████████████░░░░░░░░░░░  56%  Streaming frame 488/870
  ██████████████░░░░░░░░░░░  56%  Streaming frame 489/870
  ██████████████░░░░░░░░░░░  56%  Streaming frame 490/870
  ██████████████░░░░░░░░░░░  56%  Streaming frame 491/870
  ██████████████░░░░░░░░░░░  56%  Streaming frame 492/870
  ██████████████░░░░░░░░░░░  56%  Streaming frame 493/870
  ██████████████░░░░░░░░░░░  56%  Streaming frame 494/870
  ██████████████░░░░░░░░░░░  56%  Streaming frame 495/870
  ██████████████░░░░░░░░░░░  56%  Streaming frame 496/870
  ██████████████░░░░░░░░░░░  56%  Streaming frame 497/870
  ██████████████░░░░░░░░░░░  56%  Streaming frame 498/870
  ██████████████░░░░░░░░░░░  57%  Streaming frame 499/870
  ██████████████░░░░░░░░░░░  57%  Streaming frame 500/870
  ██████████████░░░░░░░░░░░  57%  Streaming frame 501/870
  ██████████████░░░░░░░░░░░  57%  Streaming frame 502/870
  ██████████████░░░░░░░░░░░  57%  Streaming frame 503/870
  ██████████████░░░░░░░░░░░  57%  Streaming frame 504/870
  ██████████████░░░░░░░░░░░  57%  Streaming frame 505/870
  ██████████████░░░░░░░░░░░  57%  Streaming frame 506/870
  ██████████████░░░░░░░░░░░  57%  Streaming frame 507/870
  ██████████████░░░░░░░░░░░  57%  Streaming frame 508/870
  ██████████████░░░░░░░░░░░  57%  Streaming frame 509/870
  ██████████████░░░░░░░░░░░  57%  Streaming frame 510/870
  ██████████████░░░░░░░░░░░  57%  Streaming frame 511/870
  ██████████████░░░░░░░░░░░  57%  Streaming frame 512/870
  ██████████████░░░░░░░░░░░  57%  Streaming frame 513/870
  ██████████████░░░░░░░░░░░  57%  Streaming frame 514/870
  ██████████████░░░░░░░░░░░  58%  Streaming frame 515/870
  ██████████████░░░░░░░░░░░  58%  Streaming frame 516/870
  ██████████████░░░░░░░░░░░  58%  Streaming frame 517/870
  ██████████████░░░░░░░░░░░  58%  Streaming frame 518/870
  ██████████████░░░░░░░░░░░  58%  Streaming frame 519/870
  ██████████████░░░░░░░░░░░  58%  Streaming frame 520/870
  ██████████████░░░░░░░░░░░  58%  Streaming frame 521/870
  ██████████████░░░░░░░░░░░  58%  Streaming frame 522/870
  ██████████████░░░░░░░░░░░  58%  Streaming frame 523/870
  ██████████████░░░░░░░░░░░  58%  Streaming frame 524/870
  ██████████████░░░░░░░░░░░  58%  Streaming frame 525/870
  ██████████████░░░░░░░░░░░  58%  Streaming frame 526/870
  ██████████████░░░░░░░░░░░  58%  Streaming frame 527/870
  ██████████████░░░░░░░░░░░  58%  Streaming frame 528/870
  ██████████████░░░░░░░░░░░  58%  Streaming frame 529/870
  ██████████████░░░░░░░░░░░  59%  Streaming frame 530/870
  ██████████████░░░░░░░░░░░  59%  Streaming frame 531/870
  ██████████████░░░░░░░░░░░  59%  Streaming frame 532/870
  ██████████████░░░░░░░░░░░  59%  Streaming frame 533/870
  ██████████████░░░░░░░░░░░  59%  Streaming frame 534/870
  ██████████████░░░░░░░░░░░  59%  Streaming frame 535/870
  ██████████████░░░░░░░░░░░  59%  Streaming frame 536/870
  ██████████████░░░░░░░░░░░  59%  Streaming frame 537/870
  ██████████████░░░░░░░░░░░  59%  Streaming frame 538/870
  ██████████████░░░░░░░░░░░  59%  Streaming frame 539/870
  ██████████████░░░░░░░░░░░  59%  Streaming frame 540/870
  ██████████████░░░░░░░░░░░  59%  Streaming frame 541/870
  ██████████████░░░░░░░░░░░  59%  Streaming frame 542/870
  ██████████████░░░░░░░░░░░  59%  Streaming frame 543/870
  ██████████████░░░░░░░░░░░  59%  Streaming frame 544/870
  ██████████████░░░░░░░░░░░  59%  Streaming frame 545/870
  ███████████████░░░░░░░░░░  60%  Streaming frame 546/870
  ███████████████░░░░░░░░░░  60%  Streaming frame 547/870
  ███████████████░░░░░░░░░░  60%  Streaming frame 548/870
  ███████████████░░░░░░░░░░  60%  Streaming frame 549/870
  ███████████████░░░░░░░░░░  60%  Streaming frame 550/870
  ███████████████░░░░░░░░░░  60%  Streaming frame 551/870
  ███████████████░░░░░░░░░░  60%  Streaming frame 552/870
  ███████████████░░░░░░░░░░  60%  Streaming frame 553/870
  ███████████████░░░░░░░░░░  60%  Streaming frame 554/870
  ███████████████░░░░░░░░░░  60%  Streaming frame 555/870
  ███████████████░░░░░░░░░░  60%  Streaming frame 556/870
  ███████████████░░░░░░░░░░  60%  Streaming frame 557/870
  ███████████████░░░░░░░░░░  60%  Streaming frame 558/870
  ███████████████░░░░░░░░░░  60%  Streaming frame 559/870
  ███████████████░░░░░░░░░░  60%  Streaming frame 560/870
  ███████████████░░░░░░░░░░  60%  Streaming frame 561/870
  ███████████████░░░░░░░░░░  61%  Streaming frame 562/870
  ███████████████░░░░░░░░░░  61%  Streaming frame 563/870
  ███████████████░░░░░░░░░░  61%  Streaming frame 564/870
  ███████████████░░░░░░░░░░  61%  Streaming frame 565/870
  ███████████████░░░░░░░░░░  61%  Streaming frame 566/870
  ███████████████░░░░░░░░░░  61%  Streaming frame 567/870
  ███████████████░░░░░░░░░░  61%  Streaming frame 568/870
  ███████████████░░░░░░░░░░  61%  Streaming frame 569/870
  ███████████████░░░░░░░░░░  61%  Streaming frame 570/870
  ███████████████░░░░░░░░░░  61%  Streaming frame 571/870
  ███████████████░░░░░░░░░░  61%  Streaming frame 572/870
  ███████████████░░░░░░░░░░  61%  Streaming frame 573/870
  ███████████████░░░░░░░░░░  61%  Streaming frame 574/870
  ███████████████░░░░░░░░░░  61%  Streaming frame 575/870
  ███████████████░░░░░░░░░░  61%  Streaming frame 576/870
  ███████████████░░░░░░░░░░  61%  Streaming frame 577/870
  ███████████████░░░░░░░░░░  62%  Streaming frame 578/870
  ███████████████░░░░░░░░░░  62%  Streaming frame 579/870
  ███████████████░░░░░░░░░░  62%  Streaming frame 580/870
  ███████████████░░░░░░░░░░  62%  Streaming frame 581/870
  ███████████████░░░░░░░░░░  62%  Streaming frame 582/870
  ███████████████░░░░░░░░░░  62%  Streaming frame 583/870
  ███████████████░░░░░░░░░░  62%  Streaming frame 584/870
  ███████████████░░░░░░░░░░  62%  Streaming frame 585/870
  ███████████████░░░░░░░░░░  62%  Streaming frame 586/870
  ███████████████░░░░░░░░░░  62%  Streaming frame 587/870
  ███████████████░░░░░░░░░░  62%  Streaming frame 588/870
  ███████████████░░░░░░░░░░  62%  Streaming frame 589/870
  ███████████████░░░░░░░░░░  62%  Streaming frame 590/870
  ███████████████░░░░░░░░░░  62%  Streaming frame 591/870
  ███████████████░░░░░░░░░░  62%  Streaming frame 592/870
  ███████████████░░░░░░░░░░  62%  Streaming frame 593/870
  ███████████████░░░░░░░░░░  63%  Streaming frame 594/870
  ███████████████░░░░░░░░░░  63%  Streaming frame 595/870
  ███████████████░░░░░░░░░░  63%  Streaming frame 596/870
  ███████████████░░░░░░░░░░  63%  Streaming frame 597/870
  ███████████████░░░░░░░░░░  63%  Streaming frame 598/870
  ███████████████░░░░░░░░░░  63%  Streaming frame 599/870
  ███████████████░░░░░░░░░░  63%  Streaming frame 600/870
  ███████████████░░░░░░░░░░  63%  Streaming frame 601/870
  ███████████████░░░░░░░░░░  63%  Streaming frame 602/870
  ███████████████░░░░░░░░░░  63%  Streaming frame 603/870
  ███████████████░░░░░░░░░░  63%  Streaming frame 604/870
  ███████████████░░░░░░░░░░  63%  Streaming frame 605/870
  ███████████████░░░░░░░░░░  63%  Streaming frame 606/870
  ███████████████░░░░░░░░░░  63%  Streaming frame 607/870
  ███████████████░░░░░░░░░░  63%  Streaming frame 608/870
  ████████████████░░░░░░░░░  64%  Streaming frame 609/870
  ████████████████░░░░░░░░░  64%  Streaming frame 610/870
  ████████████████░░░░░░░░░  64%  Streaming frame 611/870
  ████████████████░░░░░░░░░  64%  Streaming frame 612/870
  ████████████████░░░░░░░░░  64%  Streaming frame 613/870
  ████████████████░░░░░░░░░  64%  Streaming frame 614/870
  ████████████████░░░░░░░░░  64%  Streaming frame 615/870
  ████████████████░░░░░░░░░  64%  Streaming frame 616/870
  ████████████████░░░░░░░░░  64%  Streaming frame 617/870
  ████████████████░░░░░░░░░  64%  Streaming frame 618/870
  ████████████████░░░░░░░░░  64%  Streaming frame 619/870
  ████████████████░░░░░░░░░  64%  Streaming frame 620/870
  ████████████████░░░░░░░░░  64%  Streaming frame 621/870
  ████████████████░░░░░░░░░  64%  Streaming frame 622/870
  ████████████████░░░░░░░░░  64%  Streaming frame 623/870
  ████████████████░░░░░░░░░  64%  Streaming frame 624/870
  ████████████████░░░░░░░░░  65%  Streaming frame 625/870
  ████████████████░░░░░░░░░  65%  Streaming frame 626/870
  ████████████████░░░░░░░░░  65%  Streaming frame 627/870
  ████████████████░░░░░░░░░  65%  Streaming frame 628/870
  ████████████████░░░░░░░░░  65%  Streaming frame 629/870
  ████████████████░░░░░░░░░  65%  Streaming frame 630/870
  ████████████████░░░░░░░░░  65%  Streaming frame 631/870
  ████████████████░░░░░░░░░  65%  Streaming frame 632/870
  ████████████████░░░░░░░░░  65%  Streaming frame 633/870
  ████████████████░░░░░░░░░  65%  Streaming frame 634/870
  ████████████████░░░░░░░░░  65%  Streaming frame 635/870
  ████████████████░░░░░░░░░  65%  Streaming frame 636/870
  ████████████████░░░░░░░░░  65%  Streaming frame 637/870
  ████████████████░░░░░░░░░  65%  Streaming frame 638/870
  ████████████████░░░░░░░░░  65%  Streaming frame 639/870
  ████████████████░░░░░░░░░  65%  Streaming frame 640/870
  ████████████████░░░░░░░░░  66%  Streaming frame 641/870
  ████████████████░░░░░░░░░  66%  Streaming frame 642/870
  ████████████████░░░░░░░░░  66%  Streaming frame 643/870
  ████████████████░░░░░░░░░  66%  Streaming frame 644/870
  ████████████████░░░░░░░░░  66%  Streaming frame 645/870
  ████████████████░░░░░░░░░  66%  Streaming frame 646/870
  ████████████████░░░░░░░░░  66%  Streaming frame 647/870
  ████████████████░░░░░░░░░  66%  Streaming frame 648/870
  ████████████████░░░░░░░░░  66%  Streaming frame 649/870
  ████████████████░░░░░░░░░  66%  Streaming frame 650/870
  ████████████████░░░░░░░░░  66%  Streaming frame 651/870
  ████████████████░░░░░░░░░  66%  Streaming frame 652/870
  ████████████████░░░░░░░░░  66%  Streaming frame 653/870
  ████████████████░░░░░░░░░  66%  Streaming frame 654/870
  ████████████████░░░░░░░░░  66%  Streaming frame 655/870
  ████████████████░░░░░░░░░  66%  Streaming frame 656/870
  ████████████████░░░░░░░░░  67%  Streaming frame 657/870
  ████████████████░░░░░░░░░  67%  Streaming frame 658/870
  ████████████████░░░░░░░░░  67%  Streaming frame 659/870
  ████████████████░░░░░░░░░  67%  Streaming frame 660/870
  ████████████████░░░░░░░░░  67%  Streaming frame 661/870
  ████████████████░░░░░░░░░  67%  Streaming frame 662/870
  ████████████████░░░░░░░░░  67%  Streaming frame 663/870
  ████████████████░░░░░░░░░  67%  Streaming frame 664/870
  ████████████████░░░░░░░░░  67%  Streaming frame 665/870
  ████████████████░░░░░░░░░  67%  Streaming frame 666/870
  ████████████████░░░░░░░░░  67%  Streaming frame 667/870
  ████████████████░░░░░░░░░  67%  Streaming frame 668/870
  ████████████████░░░░░░░░░  67%  Streaming frame 669/870
  ████████████████░░░░░░░░░  67%  Streaming frame 670/870
  ████████████████░░░░░░░░░  67%  Streaming frame 671/870
  ████████████████░░░░░░░░░  67%  Streaming frame 672/870
  █████████████████░░░░░░░░  68%  Streaming frame 673/870
  █████████████████░░░░░░░░  68%  Streaming frame 674/870
  █████████████████░░░░░░░░  68%  Streaming frame 675/870
  █████████████████░░░░░░░░  68%  Streaming frame 676/870
  █████████████████░░░░░░░░  68%  Streaming frame 677/870
  █████████████████░░░░░░░░  68%  Streaming frame 678/870
  █████████████████░░░░░░░░  68%  Streaming frame 679/870
  █████████████████░░░░░░░░  68%  Streaming frame 680/870
  █████████████████░░░░░░░░  68%  Streaming frame 681/870
  █████████████████░░░░░░░░  68%  Streaming frame 682/870
  █████████████████░░░░░░░░  68%  Streaming frame 683/870
  █████████████████░░░░░░░░  68%  Streaming frame 684/870
  █████████████████░░░░░░░░  68%  Streaming frame 685/870
  █████████████████░░░░░░░░  68%  Streaming frame 686/870
  █████████████████░░░░░░░░  68%  Streaming frame 687/870
  █████████████████░░░░░░░░  68%  Streaming frame 688/870
  █████████████████░░░░░░░░  69%  Streaming frame 689/870
  █████████████████░░░░░░░░  69%  Streaming frame 690/870
  █████████████████░░░░░░░░  69%  Streaming frame 691/870
  █████████████████░░░░░░░░  69%  Streaming frame 692/870
  █████████████████░░░░░░░░  69%  Streaming frame 693/870
  █████████████████░░░░░░░░  69%  Streaming frame 694/870
  █████████████████░░░░░░░░  69%  Streaming frame 695/870
  █████████████████░░░░░░░░  69%  Streaming frame 696/870
  █████████████████░░░░░░░░  69%  Streaming frame 697/870
  █████████████████░░░░░░░░  69%  Streaming frame 698/870
  █████████████████░░░░░░░░  69%  Streaming frame 699/870
  █████████████████░░░░░░░░  69%  Streaming frame 700/870
  █████████████████░░░░░░░░  69%  Streaming frame 701/870
  █████████████████░░░░░░░░  69%  Streaming frame 702/870
  █████████████████░░░░░░░░  69%  Streaming frame 703/870
  █████████████████░░░░░░░░  70%  Streaming frame 704/870
  █████████████████░░░░░░░░  70%  Streaming frame 705/870
  █████████████████░░░░░░░░  70%  Streaming frame 706/870
  █████████████████░░░░░░░░  70%  Streaming frame 707/870
  █████████████████░░░░░░░░  70%  Streaming frame 708/870
  █████████████████░░░░░░░░  70%  Streaming frame 709/870
  █████████████████░░░░░░░░  70%  Streaming frame 710/870
  █████████████████░░░░░░░░  70%  Streaming frame 711/870
  █████████████████░░░░░░░░  70%  Streaming frame 712/870
  █████████████████░░░░░░░░  70%  Streaming frame 713/870
  █████████████████░░░░░░░░  70%  Streaming frame 714/870
  █████████████████░░░░░░░░  70%  Streaming frame 715/870
  █████████████████░░░░░░░░  70%  Streaming frame 716/870
  █████████████████░░░░░░░░  70%  Streaming frame 717/870
  █████████████████░░░░░░░░  70%  Streaming frame 718/870
  █████████████████░░░░░░░░  70%  Streaming frame 719/870
  █████████████████░░░░░░░░  71%  Streaming frame 720/870
  █████████████████░░░░░░░░  71%  Streaming frame 721/870
  █████████████████░░░░░░░░  71%  Streaming frame 722/870
  █████████████████░░░░░░░░  71%  Streaming frame 723/870
  █████████████████░░░░░░░░  71%  Streaming frame 724/870
  █████████████████░░░░░░░░  71%  Streaming frame 725/870
  █████████████████░░░░░░░░  71%  Streaming frame 726/870
  █████████████████░░░░░░░░  71%  Streaming frame 727/870
  █████████████████░░░░░░░░  71%  Streaming frame 728/870
  █████████████████░░░░░░░░  71%  Streaming frame 729/870
  █████████████████░░░░░░░░  71%  Streaming frame 730/870
  █████████████████░░░░░░░░  71%  Streaming frame 731/870
  █████████████████░░░░░░░░  71%  Streaming frame 732/870
  █████████████████░░░░░░░░  71%  Streaming frame 733/870
  █████████████████░░░░░░░░  71%  Streaming frame 734/870
  █████████████████░░░░░░░░  71%  Streaming frame 735/870
  ██████████████████░░░░░░░  72%  Streaming frame 736/870
  ██████████████████░░░░░░░  72%  Streaming frame 737/870
  ██████████████████░░░░░░░  72%  Streaming frame 738/870
  ██████████████████░░░░░░░  72%  Streaming frame 739/870
  ██████████████████░░░░░░░  72%  Streaming frame 740/870
  ██████████████████░░░░░░░  72%  Streaming frame 741/870
  ██████████████████░░░░░░░  72%  Streaming frame 742/870
  ██████████████████░░░░░░░  72%  Streaming frame 743/870
  ██████████████████░░░░░░░  72%  Streaming frame 744/870
  ██████████████████░░░░░░░  72%  Streaming frame 745/870
  ██████████████████░░░░░░░  72%  Streaming frame 746/870
  ██████████████████░░░░░░░  72%  Streaming frame 747/870
  ██████████████████░░░░░░░  72%  Streaming frame 748/870
  ██████████████████░░░░░░░  72%  Streaming frame 749/870
  ██████████████████░░░░░░░  72%  Streaming frame 750/870
  ██████████████████░░░░░░░  72%  Streaming frame 751/870
  ██████████████████░░░░░░░  73%  Streaming frame 752/870
  ██████████████████░░░░░░░  73%  Streaming frame 753/870
  ██████████████████░░░░░░░  73%  Streaming frame 754/870
  ██████████████████░░░░░░░  73%  Streaming frame 755/870
  ██████████████████░░░░░░░  73%  Streaming frame 756/870
  ██████████████████░░░░░░░  73%  Streaming frame 757/870
  ██████████████████░░░░░░░  73%  Streaming frame 758/870
  ██████████████████░░░░░░░  73%  Streaming frame 759/870
  ██████████████████░░░░░░░  73%  Streaming frame 760/870
  ██████████████████░░░░░░░  73%  Streaming frame 761/870
  ██████████████████░░░░░░░  73%  Streaming frame 762/870
  ██████████████████░░░░░░░  73%  Streaming frame 763/870
  ██████████████████░░░░░░░  73%  Streaming frame 764/870
  ██████████████████░░░░░░░  73%  Streaming frame 765/870
  ██████████████████░░░░░░░  73%  Streaming frame 766/870
  ██████████████████░░░░░░░  73%  Streaming frame 767/870
  ██████████████████░░░░░░░  74%  Streaming frame 768/870
  ██████████████████░░░░░░░  74%  Streaming frame 769/870
  ██████████████████░░░░░░░  74%  Streaming frame 770/870
  ██████████████████░░░░░░░  74%  Streaming frame 771/870
  ██████████████████░░░░░░░  74%  Streaming frame 772/870
  ██████████████████░░░░░░░  74%  Streaming frame 773/870
  ██████████████████░░░░░░░  74%  Streaming frame 774/870
  ██████████████████░░░░░░░  74%  Streaming frame 775/870
  ██████████████████░░░░░░░  74%  Streaming frame 776/870
  ██████████████████░░░░░░░  74%  Streaming frame 777/870
  ██████████████████░░░░░░░  74%  Streaming frame 778/870
  ██████████████████░░░░░░░  74%  Streaming frame 779/870
  ██████████████████░░░░░░░  74%  Streaming frame 780/870
  ██████████████████░░░░░░░  74%  Streaming frame 781/870
  ██████████████████░░░░░░░  74%  Streaming frame 782/870
  ██████████████████░░░░░░░  75%  Streaming frame 783/870
  ██████████████████░░░░░░░  75%  Streaming frame 784/870
  ██████████████████░░░░░░░  75%  Streaming frame 785/870
  ██████████████████░░░░░░░  75%  Streaming frame 786/870
  ██████████████████░░░░░░░  75%  Streaming frame 787/870
  ██████████████████░░░░░░░  75%  Streaming frame 788/870
  ██████████████████░░░░░░░  75%  Streaming frame 789/870
  ██████████████████░░░░░░░  75%  Streaming frame 790/870
  ██████████████████░░░░░░░  75%  Streaming frame 791/870
  ██████████████████░░░░░░░  75%  Streaming frame 792/870
  ██████████████████░░░░░░░  75%  Streaming frame 793/870
  ██████████████████░░░░░░░  75%  Streaming frame 794/870
  ██████████████████░░░░░░░  75%  Streaming frame 795/870
  ██████████████████░░░░░░░  75%  Streaming frame 796/870
  ██████████████████░░░░░░░  75%  Streaming frame 797/870
  ██████████████████░░░░░░░  75%  Streaming frame 798/870
  ███████████████████░░░░░░  76%  Streaming frame 799/870
  ███████████████████░░░░░░  76%  Streaming frame 800/870
  ███████████████████░░░░░░  76%  Streaming frame 801/870
  ███████████████████░░░░░░  76%  Streaming frame 802/870
  ███████████████████░░░░░░  76%  Streaming frame 803/870
  ███████████████████░░░░░░  76%  Streaming frame 804/870
  ███████████████████░░░░░░  76%  Streaming frame 805/870
  ███████████████████░░░░░░  76%  Streaming frame 806/870
  ███████████████████░░░░░░  76%  Streaming frame 807/870
  ███████████████████░░░░░░  76%  Streaming frame 808/870
  ███████████████████░░░░░░  76%  Streaming frame 809/870
  ███████████████████░░░░░░  76%  Streaming frame 810/870
  ███████████████████░░░░░░  76%  Streaming frame 811/870
  ███████████████████░░░░░░  76%  Streaming frame 812/870
  ███████████████████░░░░░░  76%  Streaming frame 813/870
  ███████████████████░░░░░░  76%  Streaming frame 814/870
  ███████████████████░░░░░░  77%  Streaming frame 815/870
  ███████████████████░░░░░░  77%  Streaming frame 816/870
  ███████████████████░░░░░░  77%  Streaming frame 817/870
  ███████████████████░░░░░░  77%  Streaming frame 818/870
  ███████████████████░░░░░░  77%  Streaming frame 819/870
  ███████████████████░░░░░░  77%  Streaming frame 820/870
  ███████████████████░░░░░░  77%  Streaming frame 821/870
  ███████████████████░░░░░░  77%  Streaming frame 822/870
  ███████████████████░░░░░░  77%  Streaming frame 823/870
  ███████████████████░░░░░░  77%  Streaming frame 824/870
  ███████████████████░░░░░░  77%  Streaming frame 825/870
  ███████████████████░░░░░░  77%  Streaming frame 826/870
  ███████████████████░░░░░░  77%  Streaming frame 827/870
  ███████████████████░░░░░░  77%  Streaming frame 828/870
  ███████████████████░░░░░░  77%  Streaming frame 829/870
  ███████████████████░░░░░░  77%  Streaming frame 830/870
  ███████████████████░░░░░░  78%  Streaming frame 831/870
  ███████████████████░░░░░░  78%  Streaming frame 832/870
  ███████████████████░░░░░░  78%  Streaming frame 833/870
  ███████████████████░░░░░░  78%  Streaming frame 834/870
  ███████████████████░░░░░░  78%  Streaming frame 835/870
  ███████████████████░░░░░░  78%  Streaming frame 836/870
  ███████████████████░░░░░░  78%  Streaming frame 837/870
  ███████████████████░░░░░░  78%  Streaming frame 838/870
  ███████████████████░░░░░░  78%  Streaming frame 839/870
  ███████████████████░░░░░░  78%  Streaming frame 840/870
  ███████████████████░░░░░░  78%  Streaming frame 841/870
  ███████████████████░░░░░░  78%  Streaming frame 842/870
  ███████████████████░░░░░░  78%  Streaming frame 843/870
  ███████████████████░░░░░░  78%  Streaming frame 844/870
[INFO] [Render:trace] {"renderJobId":"eb8ea6b9-1970-4979-80a1-9ba587315ab2","phase":"capture_streaming","status":"checkpoint","elapsedMs":243032,"message":"stage still running","stagePhase":"capturing","workerCount":1,"forceScreenshot":true,"totalFrames":870,"framesCompleted":844,"captureMode":"screenshot","captureOperation":"captureScreenshot","heartbeatIndex":4,"stageElapsedMs":240004}
  ███████████████████░░░░░░  78%  Streaming frame 845/870
  ███████████████████░░░░░░  78%  Streaming frame 846/870
  ███████████████████░░░░░░  79%  Streaming frame 847/870
  ███████████████████░░░░░░  79%  Streaming frame 848/870
  ███████████████████░░░░░░  79%  Streaming frame 849/870
  ███████████████████░░░░░░  79%  Streaming frame 850/870
  ███████████████████░░░░░░  79%  Streaming frame 851/870
  ███████████████████░░░░░░  79%  Streaming frame 852/870
  ███████████████████░░░░░░  79%  Streaming frame 853/870
  ███████████████████░░░░░░  79%  Streaming frame 854/870
  ███████████████████░░░░░░  79%  Streaming frame 855/870
  ███████████████████░░░░░░  79%  Streaming frame 856/870
  ███████████████████░░░░░░  79%  Streaming frame 857/870
  ███████████████████░░░░░░  79%  Streaming frame 858/870
  ███████████████████░░░░░░  79%  Streaming frame 859/870
  ███████████████████░░░░░░  79%  Streaming frame 860/870
  ███████████████████░░░░░░  79%  Streaming frame 861/870
  ███████████████████░░░░░░  79%  Streaming frame 862/870
  ████████████████████░░░░░  80%  Streaming frame 863/870
  ████████████████████░░░░░  80%  Streaming frame 864/870
  ████████████████████░░░░░  80%  Streaming frame 865/870
  ████████████████████░░░░░  80%  Streaming frame 866/870
  ████████████████████░░░░░  80%  Streaming frame 867/870
  ████████████████████░░░░░  80%  Streaming frame 868/870
  ████████████████████░░░░░  80%  Streaming frame 869/870
  ████████████████████░░░░░  80%  Streaming frame 870/870
[INFO] [Render:trace] {"renderJobId":"eb8ea6b9-1970-4979-80a1-9ba587315ab2","phase":"capture_streaming","status":"end","elapsedMs":247938,"durationMs":244910,"stagePhase":"capturing","workerCount":1,"forceScreenshot":true,"totalFrames":870,"framesCompleted":870,"captureMode":"screenshot","captureOperation":"encode"}
[INFO] [Render:trace] {"renderJobId":"eb8ea6b9-1970-4979-80a1-9ba587315ab2","phase":"assemble","status":"start","elapsedMs":247939,"stagePhase":"capturing","hasAudio":true,"workerCount":1,"forceScreenshot":true,"totalFrames":870,"framesCompleted":870,"captureMode":"screenshot","captureOperation":"encode"}
  ██████████████████████░░░  90%  Assembling final video
[INFO] [Render:trace] {"renderJobId":"eb8ea6b9-1970-4979-80a1-9ba587315ab2","phase":"assemble","status":"end","elapsedMs":248579,"durationMs":639,"stagePhase":"capturing","hasAudio":true,"workerCount":1,"forceScreenshot":true,"totalFrames":870,"framesCompleted":870,"captureMode":"screenshot","captureOperation":"encode"}
[INFO] [Render:trace] {"renderJobId":"eb8ea6b9-1970-4979-80a1-9ba587315ab2","phase":"pipeline","status":"checkpoint","elapsedMs":248585,"message":"artifact validated","totalElapsedMs":248580}
  █████████████████████████  100%  Render complete

◇  /home/user/LUMA-WHATSAP/hyperframes-student-kit/video-projects/luma-audit-gratuit/renders/v001_luma-audit-gratuit.mp4
   67.0 MB · 29.0s video · rendered in 4m 8.6s
